// Jest Snapshot v1, https://goo.gl/fbAQLP

exports[`Test DataTable Component 1`] = `
<div>
  <div
    className="ReactTable -striped -highlight"
    style={Object {}}
  >
    <div
      className="rt-table"
      role="grid"
      style={undefined}
    >
      <div
        className="rt-thead -header"
        style={
          Object {
            "minWidth": "500px",
          }
        }
      >
        <div
          className="rt-tr"
          role="row"
          style={undefined}
        >
          <div
            className="rt-th rt-resizable-header -cursor-pointer"
            onClick={[Function]}
            role="columnheader"
            style={
              Object {
                "flex": "100 0 auto",
                "maxWidth": null,
                "width": "100px",
              }
            }
            tabIndex="-1"
          >
            <div
              className="rt-resizable-header-content"
            >
              IP
            </div>
            <div
              className="rt-resizer"
              onMouseDown={[Function]}
              onTouchStart={[Function]}
            />
          </div>
          <div
            className="rt-th rt-resizable-header -cursor-pointer"
            onClick={[Function]}
            role="columnheader"
            style={
              Object {
                "flex": "100 0 auto",
                "maxWidth": null,
                "width": "100px",
              }
            }
            tabIndex="-1"
          >
            <div
              className="rt-resizable-header-content"
            >
              Target
            </div>
            <div
              className="rt-resizer"
              onMouseDown={[Function]}
              onTouchStart={[Function]}
            />
          </div>
          <div
            className="rt-th rt-resizable-header -cursor-pointer"
            onClick={[Function]}
            role="columnheader"
            style={
              Object {
                "flex": "100 0 auto",
                "maxWidth": null,
                "width": "100px",
              }
            }
            tabIndex="-1"
          >
            <div
              className="rt-resizable-header-content"
            >
              Verified
            </div>
            <div
              className="rt-resizer"
              onMouseDown={[Function]}
              onTouchStart={[Function]}
            />
          </div>
          <div
            className="rt-th rt-resizable-header -cursor-pointer"
            onClick={[Function]}
            role="columnheader"
            style={
              Object {
                "flex": "100 0 auto",
                "maxWidth": null,
                "width": "100px",
              }
            }
            tabIndex="-1"
          >
            <div
              className="rt-resizable-header-content"
            >
              Country
            </div>
            <div
              className="rt-resizer"
              onMouseDown={[Function]}
              onTouchStart={[Function]}
            />
          </div>
          <div
            className="rt-th rt-resizable-header -cursor-pointer"
            onClick={[Function]}
            role="columnheader"
            style={
              Object {
                "flex": "100 0 auto",
                "maxWidth": null,
                "width": "100px",
              }
            }
            tabIndex="-1"
          >
            <div
              className="rt-resizable-header-content"
            >
              Submission Time
            </div>
            <div
              className="rt-resizer"
              onMouseDown={[Function]}
              onTouchStart={[Function]}
            />
          </div>
        </div>
      </div>
      <div
        className="rt-tbody"
        style={
          Object {
            "minWidth": "500px",
          }
        }
      >
        <div
          className="rt-tr-group"
          role="rowgroup"
        >
          <div
            className="rt-tr -odd"
            role="row"
            style={undefined}
          >
            <div
              className="rt-td"
              onClick={[Function]}
              role="gridcell"
              style={
                Object {
                  "flex": "100 0 auto",
                  "maxWidth": null,
                  "width": "100px",
                }
              }
            >
              string
            </div>
            <div
              className="rt-td"
              onClick={[Function]}
              role="gridcell"
              style={
                Object {
                  "flex": "100 0 auto",
                  "maxWidth": null,
                  "width": "100px",
                }
              }
            >
              string
            </div>
            <div
              className="rt-td"
              onClick={[Function]}
              role="gridcell"
              style={
                Object {
                  "flex": "100 0 auto",
                  "maxWidth": null,
                  "width": "100px",
                }
              }
            >
              True
            </div>
            <div
              className="rt-td"
              onClick={[Function]}
              role="gridcell"
              style={
                Object {
                  "flex": "100 0 auto",
                  "maxWidth": null,
                  "width": "100px",
                }
              }
            >
              string
            </div>
            <div
              className="rt-td"
              onClick={[Function]}
              role="gridcell"
              style={
                Object {
                  "flex": "100 0 auto",
                  "maxWidth": null,
                  "width": "100px",
                }
              }
            >
              Thursday, October 11, 2018 9:15 PM
            </div>
          </div>
        </div>
        <div
          className="rt-tr-group"
          role="rowgroup"
        >
          <div
            className="rt-tr -even"
            role="row"
            style={undefined}
          >
            <div
              className="rt-td"
              onClick={[Function]}
              role="gridcell"
              style={
                Object {
                  "flex": "100 0 auto",
                  "maxWidth": null,
                  "width": "100px",
                }
              }
            >
              string2
            </div>
            <div
              className="rt-td"
              onClick={[Function]}
              role="gridcell"
              style={
                Object {
                  "flex": "100 0 auto",
                  "maxWidth": null,
                  "width": "100px",
                }
              }
            >
              string2
            </div>
            <div
              className="rt-td"
              onClick={[Function]}
              role="gridcell"
              style={
                Object {
                  "flex": "100 0 auto",
                  "maxWidth": null,
                  "width": "100px",
                }
              }
            >
              True
            </div>
            <div
              className="rt-td"
              onClick={[Function]}
              role="gridcell"
              style={
                Object {
                  "flex": "100 0 auto",
                  "maxWidth": null,
                  "width": "100px",
                }
              }
            >
              string2
            </div>
            <div
              className="rt-td"
              onClick={[Function]}
              role="gridcell"
              style={
                Object {
                  "flex": "100 0 auto",
                  "maxWidth": null,
                  "width": "100px",
                }
              }
            >
              Thursday, October 11, 2018 9:15 PM
            </div>
          </div>
        </div>
        <div
          className="rt-tr-group"
          role="rowgroup"
        >
          <div
            className="rt-tr -padRow -odd"
            role="row"
            style={Object {}}
          >
            <div
              className="rt-td"
              onClick={[Function]}
              role="gridcell"
              style={
                Object {
                  "flex": "100 0 auto",
                  "maxWidth": null,
                  "width": "100px",
                }
              }
            >
              <span>
                 
              </span>
            </div>
            <div
              className="rt-td"
              onClick={[Function]}
              role="gridcell"
              style={
                Object {
                  "flex": "100 0 auto",
                  "maxWidth": null,
                  "width": "100px",
                }
              }
            >
              <span>
                 
              </span>
            </div>
            <div
              className="rt-td"
              onClick={[Function]}
              role="gridcell"
              style={
                Object {
                  "flex": "100 0 auto",
                  "maxWidth": null,
                  "width": "100px",
                }
              }
            >
              <span>
                 
              </span>
            </div>
            <div
              className="rt-td"
              onClick={[Function]}
              role="gridcell"
              style={
                Object {
                  "flex": "100 0 auto",
                  "maxWidth": null,
                  "width": "100px",
                }
              }
            >
              <span>
                 
              </span>
            </div>
            <div
              className="rt-td"
              onClick={[Function]}
              role="gridcell"
              style={
                Object {
                  "flex": "100 0 auto",
                  "maxWidth": null,
                  "width": "100px",
                }
              }
            >
              <span>
                 
              </span>
            </div>
          </div>
        </div>
        <div
          className="rt-tr-group"
          role="rowgroup"
        >
          <div
            className="rt-tr -padRow -even"
            role="row"
            style={Object {}}
          >
            <div
              className="rt-td"
              onClick={[Function]}
              role="gridcell"
              style={
                Object {
                  "flex": "100 0 auto",
                  "maxWidth": null,
                  "width": "100px",
                }
              }
            >
              <span>
                 
              </span>
            </div>
            <div
              className="rt-td"
              onClick={[Function]}
              role="gridcell"
              style={
                Object {
                  "flex": "100 0 auto",
                  "maxWidth": null,
                  "width": "100px",
                }
              }
            >
              <span>
                 
              </span>
            </div>
            <div
              className="rt-td"
              onClick={[Function]}
              role="gridcell"
              style={
                Object {
                  "flex": "100 0 auto",
                  "maxWidth": null,
                  "width": "100px",
                }
              }
            >
              <span>
                 
              </span>
            </div>
            <div
              className="rt-td"
              onClick={[Function]}
              role="gridcell"
              style={
                Object {
                  "flex": "100 0 auto",
                  "maxWidth": null,
                  "width": "100px",
                }
              }
            >
              <span>
                 
              </span>
            </div>
            <div
              className="rt-td"
              onClick={[Function]}
              role="gridcell"
              style={
                Object {
                  "flex": "100 0 auto",
                  "maxWidth": null,
                  "width": "100px",
                }
              }
            >
              <span>
                 
              </span>
            </div>
          </div>
        </div>
        <div
          className="rt-tr-group"
          role="rowgroup"
        >
          <div
            className="rt-tr -padRow -odd"
            role="row"
            style={Object {}}
          >
            <div
              className="rt-td"
              onClick={[Function]}
              role="gridcell"
              style={
                Object {
                  "flex": "100 0 auto",
                  "maxWidth": null,
                  "width": "100px",
                }
              }
            >
              <span>
                 
              </span>
            </div>
            <div
              className="rt-td"
              onClick={[Function]}
              role="gridcell"
              style={
                Object {
                  "flex": "100 0 auto",
                  "maxWidth": null,
                  "width": "100px",
                }
              }
            >
              <span>
                 
              </span>
            </div>
            <div
              className="rt-td"
              onClick={[Function]}
              role="gridcell"
              style={
                Object {
                  "flex": "100 0 auto",
                  "maxWidth": null,
                  "width": "100px",
                }
              }
            >
              <span>
                 
              </span>
            </div>
            <div
              className="rt-td"
              onClick={[Function]}
              role="gridcell"
              style={
                Object {
                  "flex": "100 0 auto",
                  "maxWidth": null,
                  "width": "100px",
                }
              }
            >
              <span>
                 
              </span>
            </div>
            <div
              className="rt-td"
              onClick={[Function]}
              role="gridcell"
              style={
                Object {
                  "flex": "100 0 auto",
                  "maxWidth": null,
                  "width": "100px",
                }
              }
            >
              <span>
                 
              </span>
            </div>
          </div>
        </div>
        <div
          className="rt-tr-group"
          role="rowgroup"
        >
          <div
            className="rt-tr -padRow -even"
            role="row"
            style={Object {}}
          >
            <div
              className="rt-td"
              onClick={[Function]}
              role="gridcell"
              style={
                Object {
                  "flex": "100 0 auto",
                  "maxWidth": null,
                  "width": "100px",
                }
              }
            >
              <span>
                 
              </span>
            </div>
            <div
              className="rt-td"
              onClick={[Function]}
              role="gridcell"
              style={
                Object {
                  "flex": "100 0 auto",
                  "maxWidth": null,
                  "width": "100px",
                }
              }
            >
              <span>
                 
              </span>
            </div>
            <div
              className="rt-td"
              onClick={[Function]}
              role="gridcell"
              style={
                Object {
                  "flex": "100 0 auto",
                  "maxWidth": null,
                  "width": "100px",
                }
              }
            >
              <span>
                 
              </span>
            </div>
            <div
              className="rt-td"
              onClick={[Function]}
              role="gridcell"
              style={
                Object {
                  "flex": "100 0 auto",
                  "maxWidth": null,
                  "width": "100px",
                }
              }
            >
              <span>
                 
              </span>
            </div>
            <div
              className="rt-td"
              onClick={[Function]}
              role="gridcell"
              style={
                Object {
                  "flex": "100 0 auto",
                  "maxWidth": null,
                  "width": "100px",
                }
              }
            >
              <span>
                 
              </span>
            </div>
          </div>
        </div>
        <div
          className="rt-tr-group"
          role="rowgroup"
        >
          <div
            className="rt-tr -padRow -odd"
            role="row"
            style={Object {}}
          >
            <div
              className="rt-td"
              onClick={[Function]}
              role="gridcell"
              style={
                Object {
                  "flex": "100 0 auto",
                  "maxWidth": null,
                  "width": "100px",
                }
              }
            >
              <span>
                 
              </span>
            </div>
            <div
              className="rt-td"
              onClick={[Function]}
              role="gridcell"
              style={
                Object {
                  "flex": "100 0 auto",
                  "maxWidth": null,
                  "width": "100px",
                }
              }
            >
              <span>
                 
              </span>
            </div>
            <div
              className="rt-td"
              onClick={[Function]}
              role="gridcell"
              style={
                Object {
                  "flex": "100 0 auto",
                  "maxWidth": null,
                  "width": "100px",
                }
              }
            >
              <span>
                 
              </span>
            </div>
            <div
              className="rt-td"
              onClick={[Function]}
              role="gridcell"
              style={
                Object {
                  "flex": "100 0 auto",
                  "maxWidth": null,
                  "width": "100px",
                }
              }
            >
              <span>
                 
              </span>
            </div>
            <div
              className="rt-td"
              onClick={[Function]}
              role="gridcell"
              style={
                Object {
                  "flex": "100 0 auto",
                  "maxWidth": null,
                  "width": "100px",
                }
              }
            >
              <span>
                 
              </span>
            </div>
          </div>
        </div>
        <div
          className="rt-tr-group"
          role="rowgroup"
        >
          <div
            className="rt-tr -padRow -even"
            role="row"
            style={Object {}}
          >
            <div
              className="rt-td"
              onClick={[Function]}
              role="gridcell"
              style={
                Object {
                  "flex": "100 0 auto",
                  "maxWidth": null,
                  "width": "100px",
                }
              }
            >
              <span>
                 
              </span>
            </div>
            <div
              className="rt-td"
              onClick={[Function]}
              role="gridcell"
              style={
                Object {
                  "flex": "100 0 auto",
                  "maxWidth": null,
                  "width": "100px",
                }
              }
            >
              <span>
                 
              </span>
            </div>
            <div
              className="rt-td"
              onClick={[Function]}
              role="gridcell"
              style={
                Object {
                  "flex": "100 0 auto",
                  "maxWidth": null,
                  "width": "100px",
                }
              }
            >
              <span>
                 
              </span>
            </div>
            <div
              className="rt-td"
              onClick={[Function]}
              role="gridcell"
              style={
                Object {
                  "flex": "100 0 auto",
                  "maxWidth": null,
                  "width": "100px",
                }
              }
            >
              <span>
                 
              </span>
            </div>
            <div
              className="rt-td"
              onClick={[Function]}
              role="gridcell"
              style={
                Object {
                  "flex": "100 0 auto",
                  "maxWidth": null,
                  "width": "100px",
                }
              }
            >
              <span>
                 
              </span>
            </div>
          </div>
        </div>
        <div
          className="rt-tr-group"
          role="rowgroup"
        >
          <div
            className="rt-tr -padRow -odd"
            role="row"
            style={Object {}}
          >
            <div
              className="rt-td"
              onClick={[Function]}
              role="gridcell"
              style={
                Object {
                  "flex": "100 0 auto",
                  "maxWidth": null,
                  "width": "100px",
                }
              }
            >
              <span>
                 
              </span>
            </div>
            <div
              className="rt-td"
              onClick={[Function]}
              role="gridcell"
              style={
                Object {
                  "flex": "100 0 auto",
                  "maxWidth": null,
                  "width": "100px",
                }
              }
            >
              <span>
                 
              </span>
            </div>
            <div
              className="rt-td"
              onClick={[Function]}
              role="gridcell"
              style={
                Object {
                  "flex": "100 0 auto",
                  "maxWidth": null,
                  "width": "100px",
                }
              }
            >
              <span>
                 
              </span>
            </div>
            <div
              className="rt-td"
              onClick={[Function]}
              role="gridcell"
              style={
                Object {
                  "flex": "100 0 auto",
                  "maxWidth": null,
                  "width": "100px",
                }
              }
            >
              <span>
                 
              </span>
            </div>
            <div
              className="rt-td"
              onClick={[Function]}
              role="gridcell"
              style={
                Object {
                  "flex": "100 0 auto",
                  "maxWidth": null,
                  "width": "100px",
                }
              }
            >
              <span>
                 
              </span>
            </div>
          </div>
        </div>
        <div
          className="rt-tr-group"
          role="rowgroup"
        >
          <div
            className="rt-tr -padRow -even"
            role="row"
            style={Object {}}
          >
            <div
              className="rt-td"
              onClick={[Function]}
              role="gridcell"
              style={
                Object {
                  "flex": "100 0 auto",
                  "maxWidth": null,
                  "width": "100px",
                }
              }
            >
              <span>
                 
              </span>
            </div>
            <div
              className="rt-td"
              onClick={[Function]}
              role="gridcell"
              style={
                Object {
                  "flex": "100 0 auto",
                  "maxWidth": null,
                  "width": "100px",
                }
              }
            >
              <span>
                 
              </span>
            </div>
            <div
              className="rt-td"
              onClick={[Function]}
              role="gridcell"
              style={
                Object {
                  "flex": "100 0 auto",
                  "maxWidth": null,
                  "width": "100px",
                }
              }
            >
              <span>
                 
              </span>
            </div>
            <div
              className="rt-td"
              onClick={[Function]}
              role="gridcell"
              style={
                Object {
                  "flex": "100 0 auto",
                  "maxWidth": null,
                  "width": "100px",
                }
              }
            >
              <span>
                 
              </span>
            </div>
            <div
              className="rt-td"
              onClick={[Function]}
              role="gridcell"
              style={
                Object {
                  "flex": "100 0 auto",
                  "maxWidth": null,
                  "width": "100px",
                }
              }
            >
              <span>
                 
              </span>
            </div>
          </div>
        </div>
      </div>
    </div>
    <div
      className="pagination-bottom"
    >
      <div
        className="-pagination"
        style={undefined}
      >
        <div
          className="-previous"
        >
          <button
            className="-btn"
            disabled={true}
            onClick={[Function]}
            type="button"
          >
            Previous
          </button>
        </div>
        <div
          className="-center"
        >
          <span
            className="-pageInfo"
          >
            Page
             
            <div
              className="-pageJump"
            >
              <input
                onBlur={[Function]}
                onChange={[Function]}
                onKeyPress={[Function]}
                type="number"
                value={1}
              />
            </div>
             
            of
             
            <span
              className="-totalPages"
            >
              1
            </span>
          </span>
          <span
            className="select-wrap -pageSizeOptions"
          >
            <select
              onChange={[Function]}
              value={10}
            >
              <option
                value={5}
              >
                5
                 
                rows
              </option>
              <option
                value={10}
              >
                10
                 
                rows
              </option>
              <option
                value={20}
              >
                20
                 
                rows
              </option>
              <option
                value={25}
              >
                25
                 
                rows
              </option>
              <option
                value={50}
              >
                50
                 
                rows
              </option>
              <option
                value={100}
              >
                100
                 
                rows
              </option>
            </select>
          </span>
        </div>
        <div
          className="-next"
        >
          <button
            className="-btn"
            disabled={true}
            onClick={[Function]}
            type="button"
          >
            Next
          </button>
        </div>
      </div>
    </div>
    <div
      className="-loading"
    >
      <div
        className="-loading-inner"
      >
        Loading...
      </div>
    </div>
  </div>
  <br />
</div>
`;
