// Jest Snapshot v1, https://goo.gl/fbAQLP

exports[`Test component test 1`] = `
<div>
  This is a test component
</div>
`;
